1PROGRAM RADLST 5.5 [ 5-OCT-88].  RUN ON  6-OCT-2015 AT 21:06


 205TL    205HG B- DECAY                1971HI01                  78NDS    197803
 205HG  P 0            1/2-             5.2 M     1               1538     8     
 205TL  N 0.022     10           1                                               
+                                                                                                               NT=NR ASSUMED
 *****WARNING: NB=1/BR ASSUMED *****
 205TL  L 0            1/2+                                                      
 205TL  B              96     2              5.27115                             
 205TL2 B EAV=     542  4$                                                       
 205TL CB E         some approximate measurements listed in 1971SC35             
 205TL  L 203.7        3/2+             1.46 NS   8                              
 205TL CL T         1971SH35, 1967MA45                                           
 205TL  G 203.74    3  100       M1+E2    +1.56   15     0.440                   
 205TL CG E         from 1972BA53                                                
 205TL CG MR        from COUL. EX. (1973KR02)                                    
 205TL CG CC        from 1973KR02                                                
 205TL  B              3.1    13           6.5    2                              
+                                                                                          NO "2 G" CARD
 205TL2 B EAV=     460  4$                                                       
 205TL CB IB        estimated by 1971HI01 to be 3.7% 15 based on ratios of       
 205TL2CB IG(203.7) to 197HG,203HG IG's and CC(203.7)=0.62; IB=3.1% if CC is     
 205TL3CB reduced to 0.44                                                        
 205TL  L 619.3        5/2+                                                      
 205TL  B              0.016  7               8.6920                          1U 
 205TL2 B EAV=     299  3$                                                       
 205TL  G 415.6     3  0.59   8  (M1)                    0.1691                  
 205TL  G 618.6     7  0.090  20                                                 
+                                                                                          NO "2 G" CARD
 205TL CG           RI(618.6)/RI(415.6) is AP twice as large as in COUL. EX.     
 205TL2CG and (N,N'G)                                                            
 205TL  L 1140.9      (3/2)+                                                     
+                                                                                          NO "2 G" CARD
 205TL  B              0.0030 16              7.7424                             
 205TL2 B EAV=     115  3$                                                       
 205TL  G 937.2     6  0.093  20                                                 
 205TL  G 1141.1    15 0.045  20                                                 
+                                                                                          NO "2 G" CARD
 205TL  L 1218.7       1/2+                                                      
+                                                                                          NO "2 G" CARD
 205TL  B              0.007  4                7.1 3                             
 205TL2 B EAV=    90.0 25$                                                       
 205TL  G 1014.7    8  0.031  10                                                 
 205TL  G 1218.7    4  0.28   5                                                  
+                                                                                          NO "2 G" CARD
 205TL  L 1340.3       (3/2)+                                                    
+                                                                                          NO "2 G" CARD
 205TL  B              0.006  3               6.4723                             
 205TL2 B EAV=    53.4 24$                                                       
 205TL  G 720.8     8  0.051  15                                                 
 205TL  G 1136.8    6  0.21   5                                                  
+                                                                                          NO "2 G" CARD
 205TL  G 1340.3    8  0.015  5                                                  
+                                                                                          NO "2 G" CARD
 205TL  L 1433.9      (1/2,3/2)                                                  
+                                                                                          NO "2 G" CARD
 205TL  B              0.0049 25              5.6925                             
 205TL2 B EAV=    27.1 22$                                                       
 205TL  G 1230.8    10 0.023  10                                                 
 205TL  G 1433.9    5  0.20   5                                                  
+                                                                                          NO "2 G" CARD
                                                                                 
+                                                                                          NO "2  " CARD
       ALPHA       BETA       CE+AUGER    PHOTON     UNPL/GAM      RECOIL     NEUTRINO    ABSORBED     TOTAL      Q*BR

        0.000     534.642       0.000       4.795       0.000       0.004     983.387     539.442    1522.829    1538.000
        0.000      12.963       0.000       2.038       0.000       0.000      23.254      13.122      26.701       8.000
0          INTENSITY SUMS
        0.000      99.137       0.000       2.236       0.000
        0.000       2.385       0.000       1.000       0.000
1
 205TL    205HG B- DECAY                1971HI01                  78NDS    197803
 205HG  P 0            1/2-             5.2 M     1               1538     8     
 205TL  N 0.022     10           1                                               
+                                                                                                               NT=NR ASSUMED
 *****WARNING: NB=1/BR ASSUMED *****
 205TL  L 0            1/2+                                                      
 205TL  B              96     2              5.27115                             
 205TL2 B EAV=     542  4$                                                       
 205TL CB E         some approximate measurements listed in 1971SC35             
 205TL  L 203.7        3/2+             1.46 NS   8                              
 205TL CL T         1971SH35, 1967MA45                                           
 205TL  G 203.74    3  100       M1+E2    +1.56   15     0.440                   
 205TL CG E         from 1972BA53                                                
 205TL CG MR        from COUL. EX. (1973KR02)                                    
 205TL CG CC        from 1973KR02                                                
 205TL  B              3.1    13           6.5    2                              
+                                                                                          NO "2 G" CARD
 205TL2 B EAV=     460  4$                                                       
 205TL CB IB        estimated by 1971HI01 to be 3.7% 15 based on ratios of       
 205TL2CB IG(203.7) to 197HG,203HG IG's and CC(203.7)=0.62; IB=3.1% if CC is     
 205TL3CB reduced to 0.44                                                        
 205TL  L 619.3        5/2+                                                      
 205TL  B              0.016  7               8.6920                          1U 
 205TL2 B EAV=     299  3$                                                       
 205TL  G 415.6     3  0.59   8  (M1)                    0.1691                  
 205TL  G 618.6     7  0.090  20                                                 
+                                                                                          NO "2 G" CARD
 205TL CG           RI(618.6)/RI(415.6) is AP twice as large as in COUL. EX.     
 205TL2CG and (N,N'G)                                                            
 205TL  L 1140.9      (3/2)+                                                     
+                                                                                          NO "2 G" CARD
 205TL  B              0.0030 16              7.7424                             
 205TL2 B EAV=     115  3$                                                       
 205TL  G 937.2     6  0.093  20                                                 
 205TL  G 1141.1    15 0.045  20                                                 
+                                                                                          NO "2 G" CARD
 205TL  L 1218.7       1/2+                                                      
+                                                                                          NO "2 G" CARD
 205TL  B              0.007  4                7.1 3                             
 205TL2 B EAV=    90.0 25$                                                       
 205TL  G 1014.7    8  0.031  10                                                 
 205TL  G 1218.7    4  0.28   5                                                  
+                                                                                          NO "2 G" CARD
 205TL  L 1340.3       (3/2)+                                                    
+                                                                                          NO "2 G" CARD
 205TL  B              0.006  3               6.4723                             
 205TL2 B EAV=    53.4 24$                                                       
 205TL  G 720.8     8  0.051  15                                                 
 205TL  G 1136.8    6  0.21   5                                                  
+                                                                                          NO "2 G" CARD
 205TL  G 1340.3    8  0.015  5                                                  
+                                                                                          NO "2 G" CARD
 205TL  L 1433.9      (1/2,3/2)                                                  
+                                                                                          NO "2 G" CARD
 205TL  B              0.0049 25              5.6925                             
 205TL2 B EAV=    27.1 22$                                                       
 205TL  G 1230.8    10 0.023  10                                                 
 205TL  G 1433.9    5  0.20   5                                                  
+                                                                                          NO "2 G" CARD
                                                                                 
+                                                                                          NO "2  " CARD
       ALPHA       BETA       CE+AUGER    PHOTON     UNPL/GAM      RECOIL     NEUTRINO    ABSORBED     TOTAL      Q*BR

        0.000     534.642       0.000       4.795       0.000       0.004     983.387     539.442    1522.829    1538.000
        0.000      12.963       0.000       2.038       0.000       0.000      23.254      13.122      26.701       8.000
0          INTENSITY SUMS
        0.000      99.137       0.000       2.236       0.000
        0.000       2.385       0.000       1.000       0.000
1
 248CM    252CF A DECAY                 1955AS42,1970BA18,1971WA2881NDS    198105
 248CM C  1964AS10                                                               
 248CM  N 1.0                   0.96908 8                                        
+                                                                                                               NT=NR ASSUMED
 252CF  P 0.0         0+                2.638 Y   10             6217.1    5     
 248CM C  XL=7.8% 4 (1971WA28)                                                   
 248CM CA E         From 1970BA18 and corrected according to 1971BB10            
 248CM CA IA        Average of 1955AS42,1970BA18                                 
 248CM CA           Limits on other A's, G's given by 1963LE17,1963BJ03          
 248CM  L 0           0+                                                         
 248CM  A 6118.3    5  84.2   3 1.0                                              
 248CM  L 43.40       2+                126 PS    10                             
 248CM CL T         from 1970TO08                                                
 248CM  A 6075.7    5  15.7   3 3.24    6                                        
 248CM  G 43.399    25 0.0153 9  E2                        1014                  
 248CM2 G               LC=    739   $MC=  207.2   $                             
 248CM CG CC        ECC=1013 70 if I(A)=15.5% 1971WA28                           
 248CM  L 144         4+                                                         
 248CM  A 5976.6       0.24   4 65                                               
+                                                                                     EA CALCULATED FROM QP
 248CM  G 100.2        0.013  AP (E2)                     19.00                  
+                                                                                                                         DI=0 SET
 248CM2 G               LC=  13.63   $MC=   3.85   $NC+=  1.516   $              
 248CM  L 297         6+                                                         
 248CM  A 5826.3       0.002  AP1200    AP                                       
+                                                                                     EA CALCULATED FROM QP
+                                                                                                                         DI=0 SET
 248CM  G 160       15 0.002     (E2)                     2.447                  
 248CM2 G KC= 0.1773   $LC=  1.631   $MC=  0.460   $NC+= 0.1791   $              
 248CM  L 510          8+                                                        
 248CM  A 5616         6.0E-5 AP2600    AP                                       
+                                                                                     EA CALCULATED FROM QP
+                                                                                                                         DI=0 SET
                                                                                 
       ALPHA       BETA       CE+AUGER    PHOTON     UNPL/GAM      RECOIL     NEUTRINO    ABSORBED     TOTAL      Q*BR

     5930.728       0.000       3.957       0.921       0.000      94.326       0.000    6029.932    6029.932    6024.867
        0.415       0.000       0.173       0.064       0.000       0.274       0.000       0.530       0.530       0.694
0          INTENSITY SUMS
       97.046       0.000      19.414       6.021       0.000
        0.413       0.000       0.898       0.427       0.000
1
 172YB    172LU EC DECAY                                          75NDS,WBE197812
 172YB  N              1.0       1.0                                             
 *****WARNING: NR=1 ASSUMED *****
 *****WARNING: NB=1/BR ASSUMED *****
 172LU  P      0.          (4-)            6.70 D   3             2500     AP    
+                                                                                     DQ=0
 172YB  Q  -2500.   AP 8023.6 28  7337.930                                       
 172YB  L      0.           0+                                                   
 172YB  L     78.67         2+                                                   
 172YB  G     78.67               E2                       8.40    99.2    42    
 172YB2 G KC=  1.575   $LC=   5.19   $MC=  1.277   $N+=  0.351   $               
+                                                                                          OBSOLETE CODE N+=  
 172YB  L    260.14         4+                                                   
 172YB  E 2220      AP   0.070      1.50      9.42                               
 172YB2 E EAV=  557.17   $CK=  0.7914   $CL= 0.12611   $CM+= 0.03803   $         
 172YB  G    181.47               E2                      0.377    27.4    14    
 172YB2 G KC= 0.2194   $LC= 0.1203   $MC= 0.0290   $N+=0.00791   $               
+                                                                                          OBSOLETE CODE N+=  
 172YB  L    539.84         6+                                                   
 172YB  G    279.70               E2                     0.0922     1.2     1    
 172YB2 G KC= 0.0644   $LC=0.02133   $MC=0.00506   $N+=0.00145   $               
+                                                                                          OBSOLETE CODE N+=  
 172YB  E   1960.   AP              0.3312   11.1016                          1U 
 172YB2 E EAV=  449.65   $CK=  0.8151   $CL= 0.13864   $CM+= 0.04225   $         
 172YB  L 1042.8      0+                                                         
 172YB  G 964.1                                                                 ?
 *****WARNING: NO INTENSITY GIVEN *****
 172YB  L 1117.8      2+                                                         
+                                                                                          NO "2 G" CARD
 172YB  G 857.54                                                                ?
 *****WARNING: NO INTENSITY GIVEN *****
 172YB  G 1039.07                                                               ?
+                                                                                          NO "2 G" CARD
 *****WARNING: NO INTENSITY GIVEN *****
 172YB  G 1117.95                                                               ?
+                                                                                          NO "2 G" CARD
 *****WARNING: NO INTENSITY GIVEN *****
 172YB  L   1172.28         3+                                                   
+                                                                                          NO "2 G" CARD
 172YB  G    912.05               E2+M1                            14.7     4    
+                                                                                                          RI=TI SET
 172YB  G   1093.64               E2+M1                            63.6    13    
+                                                                                          NO "2 G" CARD
+                                                                                                          RI=TI SET
 172YB  E   1328.   AP               4.322    8.4923                             
+                                                                                          NO "2 G" CARD
 172YB2 E                 CK=  0.8232   $CL= 0.13553   $CM+= 0.04108   $         
 172YB  L   1262.86         4+                                                   
 172YB  G     90.57               E2+M1   -1.73   6      4.74      30.1    16    
 172YB2 G KC=   1.91  4$LC=   2.15  3$MC=  0.526  7$N+= 0.1464 20$               
+                                                                                          OBSOLETE CODE N+=  
 172YB  G    723.03               (E2)                              0.49    4    
+                                                                                                          RI=TI SET
 172YB  G   1002.75               E2+M1                             5.26   12    
+                                                                                          NO "2 G" CARD
+                                                                                                          RI=TI SET
 172YB  G   1184.29               (E2)                               0.49   3    
+                                                                                          NO "2 G" CARD
+                                                                                                          RI=TI SET
 172YB  E   1238.   AP               3.417    8.5322                             
+                                                                                          NO "2 G" CARD
 172YB2 E                 CK=  0.8224   $CL= 0.13621   $CM+= 0.04132   $         
 172YB  L   1375.63        (5)+                                                  
 172YB  G    112.71              E2+M1                              4.5     3    
+                                                                                                          RI=TI SET
 172YB  G    203.37              E2                                 6.04   25    
+                                                                                          NO "2 G" CARD
+                                                                                                          RI=TI SET
 172YB  G   1116.09                                                 0.20    4    
+                                                                                          NO "2 G" CARD
+                                                                                                          RI=TI SET
 172YB  E   1125.   AP               1.5 5    8.8015                             
+                                                                                          NO "2 G" CARD
 172YB2 E                 CK=  0.8211   $CL= 0.13720   $CM+= 0.04168   $         
 172YB  L   1466.01         2+                                                   
 172YB  G    293.61                                                .0016   AP   ?
+                                                                                                                         DI=0 SET
+                                                                                                          RI=TI SET
 172YB  G    347.8                                                  0.0024 AP   ?
+                                                                                          NO "2 G" CARD
+                                                                                                                         DI=0 SET
+                                                                                                          RI=TI SET
 172YB  G    423.04                                                .0022   AP   ?
+                                                                                          NO "2 G" CARD
+                                                                                                                         DI=0 SET
+                                                                                                          RI=TI SET
 172YB  G   1205.62                                                .022    AP   ?
+                                                                                          NO "2 G" CARD
+                                                                                                                         DI=0 SET
+                                                                                                          RI=TI SET
 172YB  G   1387.22              (E2)                               0.80    1    
+                                                                                          NO "2 G" CARD
+                                                                                                          RI=TI SET
 172YB  G   1466.12              (E2)                               0.66    4    
+                                                                                          NO "2 G" CARD
+                                                                                                          RI=TI SET
 172YB  L 1476.8                                                                 
+                                                                                          NO "2 G" CARD
 172YB  L   1509.99        (6)+                                                  
 172YB  G    134.48                                                 0.08    1    
+                                                                                                          RI=TI SET
 172YB  G    247.12                                                 0.50    7    
+                                                                                          NO "2 G" CARD
+                                                                                                          RI=TI SET
 172YB  G    970.64                                                 0.10    3    
+                                                                                          NO "2 G" CARD
+                                                                                                          RI=TI SET
 172YB  L   1549.15        (3+)                                                  
+                                                                                          NO "2 G" CARD
 172YB  G    431.29                                                .0004   AP   ?
+                                                                                                                         DI=0 SET
+                                                                                                          RI=TI SET
 172YB  G   1288.98               (M1)                              0.15    2    
+                                                                                          NO "2 G" CARD
+                                                                                                          RI=TI SET
 172YB  G   1470.48               (E2)                              0.60    3    
+                                                                                          NO "2 G" CARD
+                                                                                                          RI=TI SET
 172YB  E    951.   AP           0.37    6    9.26 7                             
+                                                                                          NO "2 G" CARD
 172YB2 E                 CK=  0.8184   $CL= 0.13919   $CM+= 0.04239   $         
 172YB  L   1609.18         2+                                                   
 172YB  G    131.8               IF M1                             .00056  AP   ?
+                                                                                                                         DI=0 SET
+                                                                                                          RI=TI SET
 172YB  G    142.5               IF M1                              .0056  AP   ?
+                                                                                          NO "2 G" CARD
+                                                                                                                         DI=0 SET
+                                                                                                          RI=TI SET
 172YB  G    436.1                                                 .0063   AP   ?
+                                                                                          NO "2 G" CARD
+                                                                                                                         DI=0 SET
+                                                                                                          RI=TI SET
 172YB  G    565.5                                                 .0011   AP   ?
+                                                                                          NO "2 G" CARD
+                                                                                                                         DI=0 SET
+                                                                                                          RI=TI SET
 172YB  G   1348.1                                                 .0045   AP   ?
+                                                                                          NO "2 G" CARD
+                                                                                                                         DI=0 SET
+                                                                                                          RI=TI SET
 172YB  G   1529.72                                                 0.14    3    
+                                                                                          NO "2 G" CARD
+                                                                                                          RI=TI SET
 172YB  G   1609.18                                                 0.10    1    
+                                                                                          NO "2 G" CARD
+                                                                                                          RI=TI SET
 172YB  E    891.   AP           0.26    9    9.3515                             
+                                                                                          NO "2 G" CARD
 172YB2 E                 CK=  0.8172   $CL= 0.14008   $CM+= 0.04271   $         
 172YB  L   1640.38      (4,5)-                                                  
 172YB  G    264.76              (E1+M2)                            0.65    9    
+                                                                                                          RI=TI SET
 172YB  G    377.52              E1+M2                              3.18   10    
+                                                                                          NO "2 G" CARD
+                                                                                                          RI=TI SET
 172YB  E    860.   AP           2.1     2    8.41 5                             
+                                                                                          NO "2 G" CARD
 172YB2 E                 CK=  0.8165   $CL= 0.14059   $CM+= 0.04290   $         
 172YB  L   1657.91        (4+)                                                  
 172YB  G   1397.29                                                 0.34    5    
+                                                                                                          RI=TI SET
 172YB  G   1579.70                                                 0.20    2    
+                                                                                          NO "2 G" CARD
+                                                                                                          RI=TI SET
 172YB  E    843.   AP           0.15    8    9.5424                             
+                                                                                          NO "2 G" CARD
 172YB2 E                 CK=  0.8161   $CL= 0.14090   $CM+= 0.04301   $         
 172YB  L   1662.77         3(+)                                                 
 172YB  G    197.02                                               0.005    AP   ?
+                                                                                                                         DI=0 SET
+                                                                                                          RI=TI SET
 172YB  G    399.75                                                 0.54    3    
+                                                                                          NO "2 G" CARD
+                                                                                                          RI=TI SET
 172YB  G    490.41               (M1)                              2.00   13    
+                                                                                          NO "2 G" CARD
+                                                                                                          RI=TI SET
 172YB  G   1402.87               (E2)                              0.61    5    
+                                                                                          NO "2 G" CARD
+                                                                                                          RI=TI SET
 172YB  G   1584.18               (E2)                              2.53   13    
+                                                                                          NO "2 G" CARD
+                                                                                                          RI=TI SET
 172YB  E    838.   AP           3.6     2   8.15025                             
+                                                                                          NO "2 G" CARD
 172YB2 E                 CK=  0.8160   $CL= 0.14098   $CM+= 0.04304   $         
 172YB  L   1700.57        (3+)                                                  
 172YB  G    151.09               IF M1                             0.09    3    
+                                                                                                          RI=TI SET
 172YB  G    437.55               (M1)                              0.24    2    
+                                                                                          NO "2 G" CARD
+                                                                                                          RI=TI SET
 172YB  G    528.23              (M1)                               4.01   12    
+                                                                                          NO "2 G" CARD
+                                                                                                          RI=TI SET
 172YB  G   1440.52              (E2)                               0.06    5    
+                                                                                          NO "2 G" CARD
+                                                                                                          RI=TI SET
 172YB  G   1622.01                                                 2.13    8    
+                                                                                          NO "2 G" CARD
+                                                                                                          RI=TI SET
 172YB  E    800.   AP           3.8     3    8.08 4                             
+                                                                                          NO "2 G" CARD
 172YB2 E                 CK=  0.8150   $CL= 0.14170   $CM+= 0.04330   $         
 172YB  L   1706.22       (5,6)-                                                 
 172YB  G    196.36               IF E1                             0.12    1    
+                                                                                                          RI=TI SET
 172YB  G    330.44               E1+M2                             0.62    7    
+                                                                                          NO "2 G" CARD
+                                                                                                          RI=TI SET
 172YB  G    443.42                                                 0.16    2    
+                                                                                          NO "2 G" CARD
+                                                                                                          RI=TI SET
 172YB  G   1166.46               E1                                0.14    3    
+                                                                                          NO "2 G" CARD
+                                                                                                          RI=TI SET
 172YB  E    794.   AP           0.72   9     8.80 6                             
+                                                                                          NO "2 G" CARD
 172YB2 E                 CK=  0.8148   $CL= 0.14182   $CM+= 0.04334   $         
 172YB  L   1749.07        (4+)                                                  
 172YB  G    486.17               (M1)                              0.74    8    
+                                                                                                          RI=TI SET
 172YB  G    576.78               (M1)                              0.36    3    
+                                                                                          NO "2 G" CARD
+                                                                                                          RI=TI SET
 172YB  G   1489.00               (E2)                              1.10    4    
+                                                                                          NO "2 G" CARD
+                                                                                                          RI=TI SET
 172YB  G   1670.19               (E2,M1)                           0.55    7    
+                                                                                          NO "2 G" CARD
+                                                                                                          RI=TI SET
 172YB  L   1792.27       (5+)                                                   
+                                                                                          NO "2 G" CARD
 172YB  G    134.48               E2+M1                             0.08    1   ?
+                                                                                                          RI=TI SET
 172YB  G    416.64               M1+E2                             0.08    1    
+                                                                                          NO "2 G" CARD
+                                                                                                          RI=TI SET
 172YB  E    708.   AP           0.03    2    10.1 3                             
+                                                                                          NO "2 G" CARD
 172YB2 E                 CK=  0.8121   $CL= 0.14380   $CM+= 0.04406   $         
 172YB  L   1803.04        (4)+                                                  
 172YB  G    145.72              (M1)                               0.16    4    
+                                                                                                          RI=TI SET
 172YB  G    427.57              (M1+E2)                            0.15    2    
+                                                                                          NO "2 G" CARD
+                                                                                                          RI=TI SET
 172YB  G    540.15               M1                                1.34    9    
+                                                                                          NO "2 G" CARD
+                                                                                                          RI=TI SET
 172YB  G    630.82                                                 0.30    6    
+                                                                                          NO "2 G" CARD
+                                                                                                          RI=TI SET
 172YB  G   1542.89              (E2)                               0.96    5    
+                                                                                          NO "2 G" CARD
+                                                                                                          RI=TI SET
 172YB  G   1724.41              (E2,M1)                            0.43    2    
+                                                                                          NO "2 G" CARD
+                                                                                                          RI=TI SET
 172YB  E    697.   AP           0.41   19    8.9221                             
+                                                                                          NO "2 G" CARD
 172YB2 E                 CK=  0.8117   $CL= 0.14409   $CM+= 0.04416   $         
 172YB  L   1862.76        (5+)                                                  
 172YB  G   1322.38               (E2)                              0.15    3    
+                                                                                                          RI=TI SET
 172YB  G   1602.62              (E2,M1)                            0.29    3    
+                                                                                          NO "2 G" CARD
+                                                                                                          RI=TI SET
 172YB  E    638.   AP           0.24    9    9.0717                             
+                                                                                          NO "2 G" CARD
 172YB2 E                 CK=  0.8093   $CL= 0.14587   $CM+= 0.04481   $         
 172YB  L   1926.94        (5+)                                                  
 172YB  G    134.48               E2+M1                             0.08    1   ?
+                                                                                                          RI=TI SET
 172YB  G    551.19                                                 0.43    3    
+                                                                                          NO "2 G" CARD
+                                                                                                          RI=TI SET
 172YB  G   1387.22              (E2)                                           ?
+                                                                                          NO "2 G" CARD
 *****WARNING: NO INTENSITY GIVEN *****
 172YB  G   1666.33                                                 0.17    7    
+                                                                                          NO "2 G" CARD
+                                                                                                          RI=TI SET
 172YB  E    573.   AP           0.40    8    8.75 9                             
+                                                                                          NO "2 G" CARD
 172YB2 E                 CK=  0.8061   $CL= 0.14826   $CM+= 0.04567   $         
 172YB  L   2073.00        (4+)                                                  
 172YB  G    210.22              IF M1                              0.09    2    
+                                                                                                          RI=TI SET
 172YB  G    270.02              (M1)                               2.20   14    
+                                                                                          NO "2 G" CARD
+                                                                                                          RI=TI SET
 172YB  G    323.89              (M1)                               1.57    6    
+                                                                                          NO "2 G" CARD
+                                                                                                          RI=TI SET
 172YB  G    366.68               E1                                0.32    4    
+                                                                                          NO "2 G" CARD
+                                                                                                          RI=TI SET
 172YB  G    372.51              (M1+E2)                            2.77   18    
+                                                                                          NO "2 G" CARD
+                                                                                                          RI=TI SET
 172YB  G    410.31                                                 2.08    7    
+                                                                                          NO "2 G" CARD
+                                                                                                          RI=TI SET
 172YB  G    432.53              (E1+M2)                            1.54    9    
+                                                                                          NO "2 G" CARD
+                                                                                                          RI=TI SET
 172YB  G    607.16                                                 0.65    5    
+                                                                                          NO "2 G" CARD
+                                                                                                          RI=TI SET
 172YB  G    697.26               M1                                5.90   26    
+                                                                                          NO "2 G" CARD
+                                                                                                          RI=TI SET
 172YB  G    810.05               M1                               15.98   38    
+                                                                                          NO "2 G" CARD
+                                                                                                          RI=TI SET
 172YB  G    900.69               M1                               28.82   66    
+                                                                                          NO "2 G" CARD
+                                                                                                          RI=TI SET
 172YB  G   1812.89              (E2)                               0.18    1    
+                                                                                          NO "2 G" CARD
+                                                                                                          RI=TI SET
 172YB  G   1994.30                                                 0.16    2    
+                                                                                          NO "2 G" CARD
+                                                                                                          RI=TI SET
 172YB  E    427.   AP           62.3    9   6.270 7                             
+                                                                                          NO "2 G" CARD
 172YB2 E                 CK=  0.7944   $CL= 0.15685   $CM+= 0.04880   $         
 172YB  L   2174.99        (3+)                                                  
 172YB  G    383.08                                                 0.05    2    
+                                                                                                          RI=TI SET
 172YB  G    566.28                                                 0.17    9    
+                                                                                          NO "2 G" CARD
+                                                                                                          RI=TI SET
 172YB  G    625.60                                                 0.29    4    
+                                                                                          NO "2 G" CARD
+                                                                                                          RI=TI SET
 172YB  G    709.13              (E2+M1)                            0.72    4    
+                                                                                          NO "2 G" CARD
+                                                                                                          RI=TI SET
 172YB  G   1914.78              (M1)                               0.58    3    
+                                                                                          NO "2 G" CARD
+                                                                                                          RI=TI SET
 172YB  G   2095.71              (E2,M1)                            0.11    3    
+                                                                                          NO "2 G" CARD
+                                                                                                          RI=TI SET
 172YB  E    325.   AP           1.9     1   7.51123                             
+                                                                                          NO "2 G" CARD
 172YB2 E                 CK=  0.7784   $CL= 0.16855   $CM+= 0.05309   $         
 172YB  L   2181.80       (4,5+)                                                 
 172YB  G    254.82                                                 0.09    1    
+                                                                                                          RI=TI SET
 172YB  G    319.10              (M1)                               0.17    2    
+                                                                                          NO "2 G" CARD
+                                                                                                          RI=TI SET
 172YB  G    524.32              (E2+M1)                            0.24    5    
+                                                                                          NO "2 G" CARD
+                                                                                                          RI=TI SET
 172YB  E    318.   AP           0.50    5    8.07 5                             
+                                                                                          NO "2 G" CARD
 172YB2 E                 CK=  0.7768   $CL= 0.16967   $CM+= 0.05350   $         
 172YB  L   2191.91        (5)+                                                  
 172YB  G    399.75                                                 0.54    3    
+                                                                                                          RI=TI SET
 172YB  G    681.76              (M1)                               0.76    6    
+                                                                                          NO "2 G" CARD
+                                                                                                          RI=TI SET
 172YB  G    816.34              (M1)                               1.10    7    
+                                                                                          NO "2 G" CARD
+                                                                                                          RI=TI SET
 172YB  G    929.07              E2+M1                              3.15   11    
+                                                                                          NO "2 G" CARD
+                                                                                                          RI=TI SET
 172YB  G   1019.23                                                 0.17   10    
+                                                                                          NO "2 G" CARD
+                                                                                                          RI=TI SET
 172YB  G   1931.22                                                 0.04    1    
+                                                                                          NO "2 G" CARD
+                                                                                                          RI=TI SET
 172YB  E    308.   AP           5.2     2   7.01817                             
+                                                                                          NO "2 G" CARD
 172YB2 E                 CK=  0.7744   $CL= 0.17144   $CM+= 0.05415   $         
 172YB  L   2213.29        +                                                     
 172YB  G    512.78              (M1)                               0.16    2    
+                                                                                                          RI=TI SET
 172YB  G   1040.91              (M1)                               0.38    5    
+                                                                                          NO "2 G" CARD
+                                                                                                          RI=TI SET
 172YB  E    287.   AP           0.54    6    7.93 5                             
+                                                                                          NO "2 G" CARD
 172YB2 E                 CK=  0.7686   $CL= 0.17571   $CM+= 0.05573   $         
 172YB  L   2285.20       (4)+                                                   
 172YB  G    358.48              (M1)                               0.12    1    
+                                                                                                          RI=TI SET
 172YB  G    422.97                                                 0.17    2    
+                                                                                          NO "2 G" CARD
+                                                                                                          RI=TI SET
 172YB  G    482.13              (M1)                               0.72    5    
+                                                                                          NO "2 G" CARD
+                                                                                                          RI=TI SET
 172YB  G    536.26              (M1)                               0.70    4    
+                                                                                          NO "2 G" CARD
+                                                                                                          RI=TI SET
 172YB  G    584.60                                                 0.37    5    
+                                                                                          NO "2 G" CARD
+                                                                                                          RI=TI SET
 172YB  G    644.40                                                 0.24    6    
+                                                                                          NO "2 G" CARD
+                                                                                                          RI=TI SET
 172YB  G   1022.33               M1                                1.48    6    
+                                                                                          NO "2 G" CARD
+                                                                                                          RI=TI SET
 172YB  G   1113.20               M1+E2                             1.88    9    
+                                                                                          NO "2 G" CARD
+                                                                                                          RI=TI SET
 172YB  G   2024.90                                                 0.05    2    
+                                                                                          NO "2 G" CARD
+                                                                                                          RI=TI SET
 172YB  E    215.   AP           5.7     2   6.58716                             
+                                                                                          NO "2 G" CARD
 172YB2 E                 CK=  0.7369   $CL= 0.19880   $CM+= 0.06431   $         
 172YB  L   2343.64      (4,5+)                                                  
 172YB  G    594.56              (M1+E2)                            0.58    7    
+                                                                                                          RI=TI SET
 172YB  G    967.50              (M1)                               0.19    4    
+                                                                                          NO "2 G" CARD
+                                                                                                          RI=TI SET
 172YB  G   1080.81              (M1)                               1.14    3    
+                                                                                          NO "2 G" CARD
+                                                                                                          RI=TI SET
 172YB  G   2082.66              (M1)                               0.30    6    
+                                                                                          NO "2 G" CARD
+                                                                                                          RI=TI SET
 172YB  E    156.   AP           2.2     1   6.62220                             
+                                                                                          NO "2 G" CARD
 172YB2 E                 CK=  0.6764   $CL= 0.24265   $CM+= 0.08090   $         
                                                                                 
       ALPHA       BETA       CE+AUGER    PHOTON     UNPL/GAM      RECOIL     NEUTRINO    ABSORBED     TOTAL      Q*BR

        0.000       0.390      89.745    1910.316       0.000       0.006     510.837    2000.457    2511.294    2500.000
        0.000       0.000       2.693      17.141       0.000       0.003      36.932      17.351      40.805       0.000
0          INTENSITY SUMS
        0.000     101.520     262.020     387.172       0.000
        0.000       3.026       5.214       2.815       0.000
1
 242AM    242AM IT DECAY (141 Y)                                  85NDS    198508
 242AM  N              1.0      0.995   2                                        
 *****WARNING: NR=1 ASSUMED *****
 242AM  L 0.0          1-               16.02 H   2                              
 242AM  L 48.63     5  5-               141 Y     2                           M1 
 242AM  G 48.63     5            E4                              100             
+                                                                                                          RI=TI SET
 242AM CG           L1: L2: L3: M1: M2: M3: M4: M5: N1: N2: N3: N45:             
 242AM2CG O=<6: 17: 18:<2: 13: 10: 8: 10: <2: 6: 4: 8: AP 6.                     
 242AM3CG Uncertainties on relative subshell intensities are AP 30% (1960AS05)   
 242AM CG E         from 1960AS05 (s CE)                                         
 242AM CG M         from L- and M- subshell ratios.                              
                                                                                 
+                                                                                          NO "2  " CARD
       ALPHA       BETA       CE+AUGER    PHOTON     UNPL/GAM      RECOIL     NEUTRINO    ABSORBED     TOTAL      Q*BR

        0.000       0.000       0.000      48.387       0.000       0.000       0.000      48.387      48.387      48.387
        0.000       0.000       0.000       0.109       0.000       0.000       0.000       0.109       0.109       0.109
0          INTENSITY SUMS
        0.000       0.000       0.000      99.500       0.000
        0.000       0.000       0.000       0.200       0.000
1
 126TE    126I EC DECAY                 1977JA04                  82NDS    198212
 126TE C  1977JA04: 127I(N,2N), COMPTON suppression spectrometer, semi G         
 126TE C  Others: semi G: 1970GA32, 1970SI05, 1971MI20, 1971ZH01, 1972KA20,      
 126TE2C  1975OK04, 1976GR04; magnetic spectrometer: 1970GA32, 1971ZH01          
 126TE C  The decay scheme is that proposed by 1977JA04.                         
 126TE2C  Evaluators note that the 1396(0+), 1685(0+), 2601(0+) and              
 126TE3C  2051 states in 126TE in the decay proposed by 1971ZH01                 
 126TE4C  have not been confirmed by 1975OK04, 1976GR04 or 1977JA04              
 126TE C  See also 126I B- decay                                                 
 126TE CL J         Spin and parity values are those given under adopted levels  
 126TE CG E         From 1977JA04. The evaluators have added 10 EV in            
 126TE2CG quadrature to the uncertainties of 1977JA04 to account for             
 126TE3CG the uncertainty in calibration.                                        
 126TE CG RI        From 1977JA04.                                               
 126TE CG           I(G+-)/I(666G)=0.0587 18.                                    
 126TE  N 0.0588    37          0.563   201.0                                    
+                                                                                                               NT=NR ASSUMED
 126TE CN BR        From I(B+)/I(B-)=0.028 1 (1955KO14), I(406B+)/I(1110B+)=     
 126TE2CN 0.29 1 (1955KO14, uncertainty assigned by evaluators), adopted         
 126TE3CN IG, EC/B-=1.27 10 (1955KO14, authors' value corrected by               
 126TE4CN evaluators for KC(137BA)=0.0916 and OMEGA(K) from 1972BB16), adopted   
 126TE5CN CC and EC/B+(GS)=23.1 5 (1U theory).                                   
 126I   P 0.0           2-              13.02 D    7              2156      5    
 126TE  L 0.0         0+                                                         
 126TE  E                1.7  3       39 7    9.13 8             41        7  1U 
 126TE2 E EAV=   530.2 22$CK=  0.8177   $CL= 0.11134   $CM+= 0.02952   $         
 126TE  L 666.34    1   2+                                                       
 126TE  E                0.36 4     52   4    7.45 4             52        4     
 126TE2 E EAV=   216.8 22$CK=  0.8494   $CL= 0.11368   $CM+= 0.03006   $         
 126TE CE IB        from B+(666 level)/B+(GS)=0.29 1 (1955KO14)                  
 126TE  G 666.331   12 1000   21 E2                     0.00382                  
 126TE2 G KC=0.00325                                                             
 126TE  L 1361.3    3 (4)+                                                       
 126TE  E                        0.0004 LE   12.34GE             0.0004    LE 1U 
+                                                                                                               I=DI=(I+DI)/2 SET
+                                                                                                               I=DI=(I+DI)/2 SET
 126TE2 E                 CK=  0.8383   $CL= 0.12742 13$CM+= 0.03433  4$         
 126TE  G 695.0       0.007   AP                                                ?
+                                                                                                                         DI=0 SET
 126TE  L 1420.17   2   2+                                                       
+                                                                                          NO "2 G" CARD
 126TE  E                        8       7    7.6  4             8         7     
 126TE2 E                 CK=  0.8503   $CL= 0.11826   $CM+= 0.03145   $         
 126TE  G 753.819   13 125.8  26 (E2)                   0.0028                   
 126TE  G 1420.19    3 8.91   19                                                 
+                                                                                          NO "2 G" CARD
 126TE  L 1873.1    3   0+                                                       
+                                                                                          NO "2 G" CARD
 126TE  E                       0.0008  2    10.1612             0.0008    2  1U 
 126TE2 E                 CK=   0.769  3$CL=  0.1799 20$CM+=  0.0512  7$         
 126TE  G 1206.8     3 0.014   4                                                 
 126TE  L 2045.1    1 (2+,1)                                                     
+                                                                                          NO "2 G" CARD
 126TE  E                      0.012    1     8.59 7             0.012     1     
 126TE2 E                 CK=   0.771  7$CL=   0.179  5$CM+=  0.0505 15$         
 126TE  G 1378.76      0.072   5                                                 
 126TE  G 2045.09    5 0.14    1                                                 
+                                                                                          NO "2 G" CARD
                                                                                 
+                                                                                          NO "2  " CARD
       ALPHA       BETA       CE+AUGER    PHOTON     UNPL/GAM      RECOIL     NEUTRINO    ABSORBED     TOTAL      Q*BR

        0.000       5.514       3.494     280.026       0.000       0.001     933.488     289.034    1223.145    1213.828
        0.000       0.898       0.214      16.877       0.000       0.001      98.563      16.903     100.001      43.212
0          INTENSITY SUMS
        0.000      56.870      51.902      85.960       0.000
        0.000       6.157       4.416       3.817       0.000
1
 126XE    126I B- DECAY                 1977JA04                  82NDS    198212
 126XE C  1977JA04: 127I(N,2N), COMPTON suppression spectrometer, semi G         
 126XE C  1976SA28: 126TE(P,N) MS; GG(THETA,H,T)                                 
 126XE C  See also 126I EC decay. Branching from 126I EC decay                   
 126XE CG E         From 1977JA04. The evaluators have added 10 EV in            
 126XE2CG quadrature to the uncertainties of 1977JA04 to account for             
 126XE3CG the uncertainty in calibration.                                        
 126XE CL J         Spin and parity values are those given under adopted         
 126XE2CL levels                                                                 
 126XE CG M         From GG(THETA) data (1959SA05, 1960AS04, 1971GR14, 1971TA04),
 126XE2CG EKC and K/LM (1953MA59, 1955KO14)                                      
 126XE CG RI        Relative to I(666.331G in 126TE)=1000 (1977JA04)             
 126XE  N 0.0757    43          0.437   201.0                                    
+                                                                                                               NT=NR ASSUMED
 126XE CN BR        See 126I EC decay                                            
 126I   P 0.0           2-              13.02 D    7              1251      5    
 126XE  L 0.0           0+                                                       
 126XE  B 1250      10 18.3    7             10.1117                          1U 
 126XE CB           First-forbidden unique shape (1953MA59, 1955KO14)            
 126XE2 B EAV=   458.6 21$                                                       
 126XE  L 388.633   11  2+              41.3 PS   14                             
 126XE CL           T1/2 from (B)(388.663G)(T) (1963DE21), G=0.22 5              
 126XE  B 865       5  73.4    7              8.20 5                             
 126XE CB           Allowed shape (1955KO14)                                     
 126XE2 B EAV=   289.7 20$                                                       
 126XE  G 388.633   11 1030   21 E2                     0.0187                C  
 126XE2 G KC=0.0156$LC=0.00244$MC=0.00050$NC+=0.00012$                           
 126XE CG M         from GG(THETA); EKC=0.016 2 (1953MA59); K/LM=6.7 10          
 126XExCG (1955KO14)                                                             
 126XE  L 879.88    10  2+                                                       
 126XE  B 385       5  8.3     7              7.89 5                             
 126XE CB E         from BG-coin (1955KO14)                                      
 126XE2 B EAV=   108.9 17$                                                       
 126XE  G 491.243   11 86.1   17M1+E2     +15     4     0.00944                C 
 126XE2 G KC=0.00798$LC=0.00116$MC=0.00024$                                      
 126XE CG M         from GG(THETA); EKC=0.0061 (1971ZH01); K/LM=6.3 10 (1965SA11)
 126XE  G 879.876   13 22.8    5                                                 
                                                                                 
+                                                                                          NO "2  " CARD
       ALPHA       BETA       CE+AUGER    PHOTON     UNPL/GAM      RECOIL     NEUTRINO    ABSORBED     TOTAL      Q*BR

        0.000     133.548       2.439     153.201       0.000       0.002     256.563     289.190     545.753     546.687
        0.000       1.819       0.291      10.098       0.000       0.000       3.167      10.265      10.742      25.115
0          INTENSITY SUMS
        0.000      43.700       1.254      38.226       0.000
        0.000       0.530       0.106       2.591       0.000
1
  57MN    57CR B- DECAY                 1978DA04                  86NDS    198601
  57CR  P     0       3/2-,5/2-,7/2-     21.1 S     10            4.8E+3   SY    
+                                                                                     DQ=0
  57MN C  Measured G's, B's, 205.8G(T), and GG- and BG-coincidences; GELI,       
  57MN2C  scintillator; rabbit and helium-jet systems. 83G and 850G obscured by  
  57MN3C  contaminants from 56CR and 56MN.                                       
  57MN CL           Decay scheme constructed from GG-coincidence and singles data
  57MN CG           Identification made by T1/2 or coincidence relationships     
  57MN DB EAV       CALCULATED BY EVALUATORS                                     
  57MN CL E         Calculated by evaluators using least-squares adjustment      
  57MN2CL procedures; good agreement with 1978DA04.                              
  57MN DL DE        GENERALLY SMALLER THAN THE 0.4 KEV ESTIMATED BY 1978DA04 FOR 
  57MN2DL THE LOWER STATES AND LARGER FOR THE HIGHER STATES                      
  57MN CL J         From adopted levels. Assignments suggested by 1978DA04 are   
  57MN2CL given under comments. These suggested assignments are based on LOGFT   
  57MN3CL and existence of G's with the assumption that JPI(57CR)=3/2-. The      
  57MN4CL argument for JPI(57CR)=3/2- depends on the transition to the 2186      
  57MN5CL state. The evaluators do not adopt this argument since J(2186)=1/2 is  
  57MN6CL based on a calculation (1978AN10) in (A,P) and DFT does not permit the 
  57MN7CL statement that the transition is allowed.                              
  57MN DB E         ENERGY CALIBRATION BY MEANS OF OTHER KNOWN BETA SPECTRA      
  57MN2DB OBTAINED IN THE SAME BG MEASUREMENT                                    
  57MN CB IB        Calculated by evaluators from intensity balancing at each    
  57MN2CB state, except as noted; in good agreement with 1978DA04 although DIB   
  57MN3CB are generally higher here                                              
  57MN CB LOGFT     Calculated by evaluators based on Q-=4.8 MEV instead of      
  57MN2CB 5.10 MEV 10; AP 0.1 to 0.3 lower than values given by 1978DA04         
  57MN CG RI        Relative intensity. Some RI's had to be obtained from        
  57MN2CG the 83G coincidence spectrum because of low intensity or interference  
  57MN3CG from other lines in the singles spectrum                               
  57MN  N 0.051     24          1            1                                   
+                                                                                                               NT=NR ASSUMED
  57MN CN NR        From SUMOF RI(1+CC) to GS and IB(to GS)=74% 12               
  57MN CG CC        Calculated by evaluators using adopted EG                    
  57MN DG           KC,LC:  CALCULATED BY EVALUATORS USING ADOPTED EG            
  57MN CG M(A),CC(A)$Added by evaluators on basis of comment by 1978DA04 that,   
  57MN2CG theoretically, there was 5% conversion for this GAMMA.                 
  57MN CB E(D)      Q- obtained from these values is discrepant with value       
  57MN2CB recommended by 1985WA02                                                
  57MN CB IB(B)     As given by the 1978DA04. Evaluators note a possible         
  57MN2CB intensity imbalance                                                    
  57MN CB IB(A)     The ratio of accumulated 57CR to accumulated 57MN activity   
  57MN2CB was obtained from the helium-jet run. SIGMA(57MN)/SIGMA(57CR) was      
  57MN3CB used to obtain the GS feeding. DIB also reflects the uncertainty in    
  57MN4CB the ratio of production SIGMA's.                                       
  57MN  L     0              5/2-                                                
  57MN  B                74   12            5.3                                  
  57MN2 B EAV AP 2.16E+3                                                         
+                                                                                                                         DE=0 SET
  57MN3 B FLAG=A                                                                 
  57MN  L    83.39  17 5/2-,7/2-                                                 
  57MN CL J         7/2-                                                         
  57MN  B               0.7   LT            7.3     GT                          ?
+                                                                                                               I=DI=(I+DI)/2 SET
  57MN2 B EAV AP 2.12E+3                                                         
+                                                                                                                         DE=0 SET
  57MN3 B FLAG=B                                                                 
  57MN  G    83.4   2   160   32  IF M1                  0.0508               C  
  57MN2 G KC= 0.0449   $LC=0.00443                                               
  57MN3 G FLAG=A                                                                 
  57MN  L   850.16  23       3/2-                                                
  57MN  B               2.6   22            6.4                                  
  57MN2 B EAV AP 1.75E+3                                                         
+                                                                                                                         DE=0 SET
  57MN  G   766.5   5   6.7   16                                                 
  57MN  G   850.2   6   157   33                                                 
+                                                                                          NO "2 G" CARD
  57MN  L   1055.87 231/2-,3/2-,5/2-                                             
+                                                                                          NO "2 G" CARD
  57MN CL J         (1/2-)                                                       
  57MN  B               2.1   11            6.5                                  
  57MN2 B EAV AP 1.65E+3                                                         
+                                                                                                                         DE=0 SET
  57MN  G   205.8   3   56.2  35                                                 
  57MN DG E         NOTE APPARENT MISPRINT IN TABLE I OF 1978DA04 GIVING EG=105.8
  57MN2DG (EVALUATORS)                                                           
  57MN  G   1055.8  3   16.3  19                                                 
+                                                                                          NO "2 G" CARD
  57MN  L   1375.0  4  -                                                         
+                                                                                          NO "2 G" CARD
  57MN CL J         3/2,5/2                                                      
  57MN  B               0.4   3             7.9                                  
  57MN2 B EAV AP 1.49E+3                                                         
+                                                                                                                         DE=0 SET
  57MN  G   1292.2  5   14.6  26                                                 
  57MN  L   1492.77 21 -                                                         
+                                                                                          NO "2 G" CARD
  57MN CL J         3/2,5/2                                                      
  57MN  B               0.8   5             6.6                                  
  57MN2 B EAV AP 1.44E+3                                                         
+                                                                                                                         DE=0 SET
  57MN  G   1409.3  3   18.0  29                                                 
  57MN  G   1492.7  3   18.5  25                                                 
+                                                                                          NO "2 G" CARD
  57MN  L   1534.85 25 -                                                         
+                                                                                          NO "2 G" CARD
  57MN CL J         LE 5/2-                                                      
  57MN  B  3.54E+3  13  6.    3             5.7                              C   
  57MN2 B EAV AP 1.42E+3                                                         
+                                                                                                                         DE=0 SET
  57MN3 B FLAG=D                                                                 
  57MN  G   479.1   5   3.6   14                                                 
  57MN  G   684.1   5   10.5  42                                                 
+                                                                                          NO "2 G" CARD
  57MN  G   1535.0  3   94.7  64                                              C  
+                                                                                          NO "2 G" CARD
  57MN  L   1725.6  6  -                                                         
+                                                                                          NO "2 G" CARD
  57MN CL J         3/2,5/2                                                      
  57MN  B               0.21  13            7.1                                  
  57MN2 B EAV AP 1.33E+3                                                         
+                                                                                                                         DE=0 SET
  57MN  G   1642.2  5   4.2   15                                                 
  57MN  L   1835.5  4  (5/2)-                                                    
+                                                                                          NO "2 G" CARD
  57MN  B  3.28E+3  9   7.    4             5.4                              C   
  57MN2 B EAV AP 1.27E+3                                                         
+                                                                                                                         DE=0 SET
  57MN3 B FLAG=D                                                                 
  57MN  G   342.9   5   9.5   25                                                 
  57MN  G   1752.1  5   100                                                   C  
+                                                                                          NO "2 G" CARD
  57MN  G   1835.2  6   26.8  24                                                 
+                                                                                          NO "2 G" CARD
  57MN  L   2146.9  9                                                            
+                                                                                          NO "2 G" CARD
  57MN CL J         3/2,5/2                                                      
  57MN  B               0.22  13            6.7                                  
  57MN2 B EAV AP 1.12E+3                                                         
+                                                                                                                         DE=0 SET
  57MN  G   2063.5  8   4.3   15                                                 
  57MN  L   2185.8  4                                                            
+                                                                                          NO "2 G" CARD
  57MN CL J         1/2-                                                         
  57MN  B               2.6   14            5.6                                  
  57MN2 B EAV AP 1.11E+3                                                         
+                                                                                                                         DE=0 SET
  57MN  G   1129.9  3   27.1  25                                                 
  57MN  G   1335.7  5   23.   10                                                 
+                                                                                          NO "2 G" CARD
  57MN  L   2232.9  6  5/2-,7/2-                                                 
+                                                                                          NO "2 G" CARD
  57MN CL J         (3/2-)                                                       
  57MN  B               0.43  22            6.4                                  
  57MN2 B EAV AP 1.08E+3                                                         
+                                                                                                                         DE=0 SET
  57MN  L   2340.6  4  5/2+,3/2+                                                 
  57MN CL J         3/2,5/2                                                      
  57MN  B               0.24  21            6.5                                  
  57MN2 B EAV AP 1.03E+3                                                         
+                                                                                                                         DE=0 SET
  57MN  G   2257.2  9   4.7   34                                                 
  57MN  L   2493.3  5                                                            
+                                                                                          NO "2 G" CARD
  57MN CL J         3/2-,5/2-                                                    
  57MN  B               1.7   8             5.6                                  
  57MN2 B EAV AP 9.6E+2                                                          
+                                                                                                                         DE=0 SET
  57MN  G   2410.0  7   16.9  19                                                 
  57MN  G   2493.1  7   15.6  14                                                 
+                                                                                          NO "2 G" CARD
  57MN  L   2702.2  3                                                            
+                                                                                          NO "2 G" CARD
  57MN CL J         3/2-,5/2-                                                    
  57MN  B               2.5   3             5.2                                  
  57MN2 B EAV AP 8.6E+2                                                          
+                                                                                                                         DE=0 SET
  57MN  G   1209.2  3   11.3  21                                                 
  57MN  G   1327.3  3   6.2   33                                                 
+                                                                                          NO "2 G" CARD
  57MN  G   1852.0  4   23.0  28                                                 
+                                                                                          NO "2 G" CARD
  57MN  G   2618.3  8   8.6   27                                                 
+                                                                                          NO "2 G" CARD
                                                                                 
+                                                                                          NO "2  " CARD
       ALPHA       BETA       CE+AUGER    PHOTON     UNPL/GAM      RECOIL     NEUTRINO    ABSORBED     TOTAL      Q*BR

        0.000    1956.603       0.328     453.324       0.000       0.194    2425.251    2410.450    4835.700    4800.000
        0.000     271.737       0.146      71.420       0.000       0.026     334.156     280.966     436.580       0.000
0          INTENSITY SUMS
        0.000     101.150       1.226      42.823       0.000
        0.000      13.354       0.359       7.115       0.000
1
  57FE    57CO EC DECAY                                           86NDS    198601
  57FE CL E         Calculated by evaluators using least-squares adjustment      
  57FE2CL procedures. Uncertainty in 198AU reference scale (+-1.1 EV) for        
  57FE3CL 122G and 136G added in quadrature after adjustment                     
  57FE CL J         From adopted levels. Results deduced from G(THETA,H,TEMP),   
  57FE2CL GG(THETA), and CC's are consistent                                     
  57FE CG           See 1970RA51 for summary of conversion-electron              
  57FE2CG ratio measurements (spectrometer, CE) from 1954AL06, 1955CO31,         
  57FE3CG 1957BE45, 1960EW04, and 1967HA06. The ratios have also been measured   
  57FE4CG by 1971PO05 (spectrometer, CE). These data were used in the present    
  57FE5CG evaluation as noted below. Others: see 1981HAZY                        
  57FE CG $14.4G summary: EG: unweighted av of 2 LAMBDA measurements             
  57FE2CG (1967BE65,1965BE41; moss,cryst), in good agreement with 14.4127 4 and  
  57FE3CG 14.4147 25 obtained by 1976BO16 and 1972HE42, respectively, from a fit 
  57FE4CG of EG(122G,136G) into level scheme. Note that these values are not     
  57FE5CG consistent with 14.4050 6 from E(CEM1)=14.3134 2 (1971PO05).           
  57FE6CG E(CE): E(CEK)=7.289 8 (1967HA06,spectrometer); 7.300 6 (1963TH04,pc).  
  57FE7CG E(CEM1)=14.3134 2 ("METALLIC"), 14.3122 2 ("OXIDE");                   
  57FE8CG E(CEN1)=14.4017 2 ("METALLIC"), 14.4005 2 ("OXIDE") (1971PO05,         
  57FE9CG spectrometer). RI: from TI and CC. Other: 87 4 (1971KO19; GELI).       
  57FEACG ECC: weighted av from 1963MU02 (spectrometer K/L), 1963TH04            
  57FEBCG (NAI,pc XG/G), 1965KI03 (NAI GG), 1967HA06 (spectrometer CEK/K-AUGER), 
  57FECCG 1968RU04 (pc XX/XG), and 1971KO19 (GELI RI) as evaluated by 1984HAZS.  
  57FEDCG See adopted gammas for final value recommended by 1984HAZS. Others: see
  57FEECG 1981HAZY. EKC: weighted av of data from 1963MU02, 1967HA06, 1968RU04,  
  57FEFCG and thesis by ^N. Frani-coursol (UNIV. Paris). See adopted gammas for  
  57FEGCG recommended value (1984HAZS). K:L:M+: unweighted av of 1957BE45,       
  57FEHCG 1960EW04, 1963MU02, 1971PO05. Other: K/L+=100/12.1 6 (1967HA06).       
  57FEICG L1/L23: other: 10.9 8 (1960EW04)                                       
  57FE CG           Chemical effects were observed in the spectral shapes and    
  57FE2CG ratios of the outer-shell conversion electrons by 1971PO05, 1971PL10,  
  57FE3CG and 1974FU15, among others. See 1984MA23 for calculations which        
  57FE4CG included solid-state effects                                           
  57FE CG           122G and 136G summary: MR(122G): weighted av of              
  57FE2CG G(THETA,H,TEMP) (GELI); +0.120 2 (1972FO05), +0.116 1 (1973SC15),      
  57FE3CG +0.1195 10 (1975CO22); and GG(THETA) (GELI), +0.120 4 (1972KR15).      
  57FE4CG Others: 1972VI09, 1972NI01. ECC,EKC(122G,136G): from 1967HA06          
  57FE5CG (spectrometer, CE/pe). 1967MU20 excluded from consideration since the  
  57FE6CG CEK were not completely separated and there appeared to be no          
  57FE7CG separation of the higher shell electrons (1984HAZS). Others: 1984HAZS, 
  57FE8CG 1981HAZY. K/L+(122G,136G): unweighted av of 1954AL06, 1957BE45,        
  57FExCG 1965MO22, 1967HA06.                                                    
  57FE cG $"Shakeoff" measurements (1971Po04, spectrometer):  14.4|g:            
  57FE2cG No KM observed (KM{-1}/ce(K)<1%; KM{-23}<4%).  122.1|g:                
  57FE3cG |SKL/ce(K)=0.009 {I5}; E(KL{-3})=7905 eV {I+20-10};                    
  57FE4cG 0.4|*10{+-4}<KK/ce(K)<2|*10{+-4}; E(KK)=14.72 keV {I15}.               
  57FE5cG 136.5|g:  |SKL/ce(K)=0.009 {I5}; E(KL{-3})=7905 eV {I+20-10}.          
  57FE tE $    P{-K}|w{-K}       P{-L}/P{-K}       P{-K}          |w{-K}         
  57FE2tE ----------  --------  ---------   ---------                            
  57FE3tE  0.253 {I11}             0.73{E4a} {I4}               .                
  57FE+tE . pc X|g 1967Mu03                                                      
  57FE4tE             0.099 {I11}  0.895{E4b} {I9}              .                
  57FE+tE . pc 1967Ba61                                                          
  57FE5tE  0.262 {I6}              0.755{E4a} {I25}             .                
  57FE+tE . scin,pc  X|g/|g 1967Ha06                                             
  57FE6tE {E4A}0.3044 {I42}                         0.343{E4c} {I5} .            
  57FE+tE . pc XX/X|g 1968Ru04                                                   
  57FE7tE                                   {E4A}0.347 {I8}  .                   
  57FE+tE . (1972Bb16; semiempirical fit)                                        
  57FE8tE                                                                        
  57FE9tE {E4A}Adopted value.                                                    
  57FEAtE {E4a}If |w{-K}=0.347 {I8} (1972Bb16; semiempirical fit)                
  57FEBtE {E4b}If P{-M}/P{-K}=0.01884 (Evaluators; theory)                       
  57FECtE {E4c}If P{-K}=0.8877 (Evaluators; theory).  1972Bb16 derived 0.342 {I5}
  57FEDtE    based on a uniform P{-K}=0.891;  this result was used in the        
  57FEEtE    semiempirical fit to obtain |w{-K}.                                 
  57FE CG           I(XK)/I(14.4G)=5.58 30 (scin,pc; x/G. 1963MU02) and 5.57     
  57FE2CG (scin,1966SU11) are in good agreement with 5.85 17 from the adopted    
  57FE3CG decay scheme                                                           
  57FE CG           Coincidences are from 1965KI03 (GELI,fast-slow coin)         
  57FE CG E         Weighted averages of GELI measurements by 1965KI03,          
  57FE4CG 1965SP06, and 1971KO19, except as noted.                               
  57FE CG RI,TI     Relative intensity. RI are from 1965MA38 (GELI), except      
  57FE2CG as noted. TI was deduced from intensity balance; from JPI              
  57FE3CG considerations this state may not be fed directly                      
  57FE DG           NOTE TYPO ERROR 1972MA06 HAS NOTHING TO DO WITH A=57.        
  57FE  N 0.1033    10 0.1033 10 1.0      0.1033  9                              
  57FE CN NR,NT     From SUMOF RI(1+CC)(GS)=100. From JPI considerations the     
  57FE2CN GS cannot be directly populated.                                       
  57FE CN NB        See comment on NR and NT                                     
  57FE C  Others: 1981VYZZ, 1981KHZY, and 1970RA51.                              
  57FE CG M,MR      From G(THETA,H,TEMP) of 1975CO22, except as noted            
  57FE CG CC$LABEL=ECC                                                           
  57FE CG E(A)      GAMMA-ray calibration energies from 1976BO16 (cryst) as      
  57FE2CG corrected and recommended by 1979HE19, based on 198AU reference line   
  57FE3CG (411.8044 KEV 11). Other: see 1979HE19.                                
  57FE CG RI(B)     From photon branching ratios (1975CO22,GELI) and SUMOF RI    
  57FE2CG feeding 367 state. From JPI considerations this state may not be       
  57FE3CG fed directly.                                                          
  57CO  P 0.0         7/2-              271.80 D  5              836.4     5     
  57FE  L 0.0         1/2-                                                       
  57FE  L 14.41300  153/2-              98.1 NS   3                              
  57FE CL T         unweighted av of GG(T), 97.9 NS 2 (1961CL11,NAI), 98 NS 1    
  57FE2CL (1965KI03,NAI), 97.7 NS 2 (1966EC05,NAI), and 97.8 NS 14               
  57FE3CL (1978ALZX,scin) and GG(THETA,H,T), 99.3 NS 5 (1969HO28,NAI). Other: 97 
  57FE4CL NS 4 (1978ALZX,XG(T),scin).                                            
  57FE  G 14.41300  1593.7    22 M1(+E2)                8.11   19 854      9  C  
  57FE2 G K/T=0.807 33$L/T=0.0855 41$M+/T=0.0117 10                              
  57FE DG K/T       FROM EKC/(1+CC)                                              
  57FE DG L/T,M+/T  FROM K:L:M+, EKC, AND CC                                     
  57FE CG M         from DJPI and WIDTH                                          
  57FE3 G EKC=7.35 19 (1984HAZS)                                                 
 *****WARNING: CONFLICTS WITH PREVIOUS KC=   *****
  57FE4 G K:L:M+=100:10.6 5:1.45 12                                              
  57FE5 G L1/L23=10.8 8 (1971PO05)                                               
  57FE CG           See summary above                                            
  57FE  L 136.4745  125/2-              9.0 NS    7                              
+                                                                                          NO "2 G" CARD
  57FE CL T         from 1978ALZX (XG(T),scin).                                  
  57FE  E                       965     9 6.450   6                              
  57FE2 E CK=0.8877$CL=0.09557$CM+=0.01672                                       
  57FE  G 122.0614  3 832     8 M1+E2     +0.1181 11    0.0240 14             C  
  57FE CG RI        other: 803.2 24 (1982GR10,GELI)                              
  57FE2 G KC=0.0214 12$ LC=0.00224 20$ MC+=0.00037 5                             
  57FE DG KC,LC,MC+ KC FROM EKC; LC,MC+ FROM CC, K/L+, AND L/M+ (10% UNCERTAINTY 
  57FE2DG ASSUMED IN L/M+ BY EVALUATORS)                                         
  57FE3 G K/L+=8.2 6$EKC=0.0214 12 (1967HA06)$ K:L:M+=100:9.0:1.5 (1955CO31)     
 *****WARNING: CONFLICTS WITH PREVIOUS KC=   *****
  57FE5 G FLAG=A                                                                 
  57FE CG           See summary above                                            
  57FE  G 136.4743  5 100       E2                      0.137  15             C  
  57FE2 G KC=0.122 13$LC+=0.0143 13                                              
  57FE DG KC,LC+    KC FROM EKC; LC+, UNWEIGHTED AV FROM LC+(K/LC++1)=CC AND     
  57FE2DG (KC+L+)/K=K+/K                                                         
  57FE3 G K/L+=8.6 5$EKC=0.122 13 (1967HA06)$CC/K=1.118 5 (1967HA06)             
 *****WARNING: CONFLICTS WITH PREVIOUS KC=   *****
  57FE5 G FLAG=A                                                                 
  57FE CG           See summary above                                            
  57FE  L 366.89    133/2-              4 NS      LE                             
  57FE CL T         from 1965KI03 (GG(T),NAI)                                    
  57FE  G 230.4     4 0.0019  3 M1+E2                                            
  57FE3 G FLAG=B                                                                 
  57FE CG           Not observed by 1965MA38 or clearly seen by 1965SP06         
  57FE CG MR        -0.186<MR<-0.072 or -6.99<MR<-2.38                           
  57FE  G 352.33    21 0.0187 23M1+E2                                            
+                                                                                          NO "2 G" CARD
  57FE3 G FLAG=B                                                                 
  57FE CG MR        +0.038 10 or +3.35 12                                        
  57FE  G 366.8     3  0.0033 4 M1+E2                                            
+                                                                                          NO "2 G" CARD
  57FE3 G FLAG=B                                                                 
  57FE CG MR        -0.047 25 or -1.56 9; not consistent other results           
  57FE  L 706.76    7 5/2-                                                       
+                                                                                          NO "2 G" CARD
  57FE  E                       1.77    5 7.686   14                             
  57FE2 E CK=0.8791$CL=0.1027$CM+=0.01814                                        
  57FE  G 339.69    210.024   3 M1+E2     +0.083  5                           C  
  57FE  G 570.09    200.133   8 M1+E2     +0.097  8                           C  
+                                                                                          NO "2 G" CARD
  57FE  G 692.41    7 1.57    4 M1+E2     -0.465  8                              
+                                                                                          NO "2 G" CARD
  57FE  G 706.54    220.046   5                                                  
+                                                                                          NO "2 G" CARD
                                                                                 
+                                                                                          NO "2  " CARD
       ALPHA       BETA       CE+AUGER    PHOTON     UNPL/GAM      RECOIL     NEUTRINO    ABSORBED     TOTAL      Q*BR

        0.000       0.000      11.609     125.415       0.000       0.000     692.171     137.024     829.196     836.400
        0.000       0.000       0.260       1.439       0.000       0.000       6.532       1.462       6.694       0.500
0          INTENSITY SUMS
        0.000      99.954     360.130     165.597       0.000
        0.000       0.931       2.130       1.253       0.000
1
  NORMAL PROGRAM END
0 Work on the program RADLST sponsored by the Division                            
 of Basic Energy Sciences, US Department of Energy, under con-                   
 tract No. DE-AC02-76CH00016 with Associated Universities, Inc.                  
0 Neither the Associated Universities, Inc., nor the                              
 US Department of Energy make any warranty or assume any legal                   
 responsibility for the results produced by the program.                         

